
                     __     _
   ____  __  _______/ /__  (_)
  / __ \/ / / / ___/ / _ \/ /
 / / / / /_/ / /__/ /  __/ /
/_/ /_/\__,_/\___/_/\___/_/   v3.11.1

		projectdiscovery.io

[[34mINF[0m] Current nuclei version: v3.11.1 ([92mlatest[0m)
[[34mINF[0m] Current nuclei-templates version: v10.4.8 ([92mlatest[0m)
[[34mINF[0m] New templates added in latest release: 112
[[34mINF[0m] Templates loaded for current scan: 10730
[[34mINF[0m] Executing 10730 signed templates from projectdiscovery/nuclei-templates
[[34mINF[0m] Targets loaded for current scan: 1
[[34mINF[0m] Templates clustered: 2468 (Reduced 2336 Requests)
[[34mINF[0m] Using Interactsh Server: oast.online
[0:00:05] | Templates: 10730 | Hosts: 1 | RPS: 19 | Matched: 0 | Errors: 2 | Requests: 101/18906 (0%)
[0:00:10] | Templates: 10730 | Hosts: 1 | RPS: 26 | Matched: 0 | Errors: 2 | Requests: 274/18906 (1%)
[0:00:15] | Templates: 10730 | Hosts: 1 | RPS: 31 | Matched: 0 | Errors: 2 | Requests: 482/18906 (2%)
[0:00:20] | Templates: 10730 | Hosts: 1 | RPS: 27 | Matched: 0 | Errors: 2 | Requests: 560/18906 (2%)
[0:00:25] | Templates: 10730 | Hosts: 1 | RPS: 27 | Matched: 0 | Errors: 2 | Requests: 694/18906 (3%)
[0:00:30] | Templates: 10730 | Hosts: 1 | RPS: 25 | Matched: 0 | Errors: 2 | Requests: 771/18906 (4%)
[0:00:35] | Templates: 10730 | Hosts: 1 | RPS: 22 | Matched: 0 | Errors: 2 | Requests: 810/18906 (4%)
[0:00:40] | Templates: 10730 | Hosts: 1 | RPS: 25 | Matched: 0 | Errors: 2 | Requests: 1039/18906 (5%)
[0:00:45] | Templates: 10730 | Hosts: 1 | RPS: 23 | Matched: 0 | Errors: 2 | Requests: 1075/18906 (5%)
[0:00:50] | Templates: 10730 | Hosts: 1 | RPS: 22 | Matched: 0 | Errors: 2 | Requests: 1113/18906 (5%)
[0:00:55] | Templates: 10730 | Hosts: 1 | RPS: 21 | Matched: 0 | Errors: 2 | Requests: 1161/18906 (6%)
[0:01:00] | Templates: 10730 | Hosts: 1 | RPS: 20 | Matched: 0 | Errors: 2 | Requests: 1224/18906 (6%)
[0:01:05] | Templates: 10730 | Hosts: 1 | RPS: 21 | Matched: 0 | Errors: 2 | Requests: 1380/18906 (7%)
[0:01:10] | Templates: 10730 | Hosts: 1 | RPS: 21 | Matched: 0 | Errors: 2 | Requests: 1488/18906 (7%)
[0:01:15] | Templates: 10730 | Hosts: 1 | RPS: 20 | Matched: 0 | Errors: 2 | Requests: 1572/18906 (8%)
[0:01:20] | Templates: 10730 | Hosts: 1 | RPS: 20 | Matched: 0 | Errors: 2 | Requests: 1644/18906 (8%)
[0:01:25] | Templates: 10730 | Hosts: 1 | RPS: 21 | Matched: 0 | Errors: 3 | Requests: 1825/18906 (9%)
[0:01:30] | Templates: 10730 | Hosts: 1 | RPS: 21 | Matched: 0 | Errors: 3 | Requests: 1921/18906 (10%)
[0:01:35] | Templates: 10730 | Hosts: 1 | RPS: 21 | Matched: 0 | Errors: 3 | Requests: 2005/18906 (10%)
[0:01:40] | Templates: 10730 | Hosts: 1 | RPS: 21 | Matched: 0 | Errors: 3 | Requests: 2113/18906 (11%)
[0:01:45] | Templates: 10730 | Hosts: 1 | RPS: 21 | Matched: 0 | Errors: 4 | Requests: 2271/18906 (12%)
[0:01:50] | Templates: 10730 | Hosts: 1 | RPS: 21 | Matched: 0 | Errors: 4 | Requests: 2389/18906 (12%)
[0:01:55] | Templates: 10730 | Hosts: 1 | RPS: 21 | Matched: 0 | Errors: 5 | Requests: 2522/18906 (13%)
[0:02:00] | Templates: 10730 | Hosts: 1 | RPS: 21 | Matched: 0 | Errors: 5 | Requests: 2643/18906 (13%)
[0:02:05] | Templates: 10730 | Hosts: 1 | RPS: 22 | Matched: 0 | Errors: 5 | Requests: 2813/18906 (14%)
[0:02:10] | Templates: 10730 | Hosts: 1 | RPS: 22 | Matched: 0 | Errors: 5 | Requests: 2986/18906 (15%)
[0:02:15] | Templates: 10730 | Hosts: 1 | RPS: 22 | Matched: 0 | Errors: 5 | Requests: 3092/18906 (16%)
[0:02:20] | Templates: 10730 | Hosts: 1 | RPS: 23 | Matched: 0 | Errors: 5 | Requests: 3227/18906 (17%)
[0:02:25] | Templates: 10730 | Hosts: 1 | RPS: 22 | Matched: 0 | Errors: 5 | Requests: 3316/18906 (17%)
[0:02:30] | Templates: 10730 | Hosts: 1 | RPS: 22 | Matched: 0 | Errors: 5 | Requests: 3396/18906 (17%)
[0:02:35] | Templates: 10730 | Hosts: 1 | RPS: 22 | Matched: 0 | Errors: 5 | Requests: 3519/18906 (18%)
[0:02:40] | Templates: 10730 | Hosts: 1 | RPS: 22 | Matched: 0 | Errors: 5 | Requests: 3622/18906 (19%)
[0:02:45] | Templates: 10730 | Hosts: 1 | RPS: 22 | Matched: 0 | Errors: 5 | Requests: 3671/18906 (19%)
[0:02:50] | Templates: 10730 | Hosts: 1 | RPS: 22 | Matched: 0 | Errors: 5 | Requests: 3760/18906 (19%)
[0:02:55] | Templates: 10730 | Hosts: 1 | RPS: 22 | Matched: 0 | Errors: 5 | Requests: 4005/18906 (21%)
[0:03:00] | Templates: 10730 | Hosts: 1 | RPS: 22 | Matched: 0 | Errors: 5 | Requests: 4145/18906 (21%)
[0:03:05] | Templates: 10730 | Hosts: 1 | RPS: 23 | Matched: 0 | Errors: 5 | Requests: 4321/18906 (22%)
[0:03:10] | Templates: 10730 | Hosts: 1 | RPS: 24 | Matched: 0 | Errors: 5 | Requests: 4594/18906 (24%)
[0:03:15] | Templates: 10730 | Hosts: 1 | RPS: 24 | Matched: 0 | Errors: 6 | Requests: 4752/18906 (25%)
[0:03:20] | Templates: 10730 | Hosts: 1 | RPS: 24 | Matched: 0 | Errors: 6 | Requests: 4815/18906 (25%)
[0:03:25] | Templates: 10730 | Hosts: 1 | RPS: 23 | Matched: 0 | Errors: 6 | Requests: 4906/18906 (25%)
[0:03:30] | Templates: 10730 | Hosts: 1 | RPS: 23 | Matched: 0 | Errors: 6 | Requests: 5041/18906 (26%)
[0:03:35] | Templates: 10730 | Hosts: 1 | RPS: 24 | Matched: 0 | Errors: 8 | Requests: 5170/18906 (27%)
[0:03:40] | Templates: 10730 | Hosts: 1 | RPS: 24 | Matched: 0 | Errors: 8 | Requests: 5319/18906 (28%)
[0:03:45] | Templates: 10730 | Hosts: 1 | RPS: 24 | Matched: 0 | Errors: 9 | Requests: 5426/18906 (28%)
[0:03:50] | Templates: 10730 | Hosts: 1 | RPS: 24 | Matched: 0 | Errors: 9 | Requests: 5620/18906 (29%)
[0:03:55] | Templates: 10730 | Hosts: 1 | RPS: 24 | Matched: 0 | Errors: 9 | Requests: 5775/18906 (30%)
[0:04:00] | Templates: 10730 | Hosts: 1 | RPS: 24 | Matched: 0 | Errors: 9 | Requests: 5957/18906 (31%)
[0:04:05] | Templates: 10730 | Hosts: 1 | RPS: 24 | Matched: 0 | Errors: 9 | Requests: 6120/18906 (32%)
[0:04:10] | Templates: 10730 | Hosts: 1 | RPS: 24 | Matched: 0 | Errors: 9 | Requests: 6238/18906 (32%)
[0:04:15] | Templates: 10730 | Hosts: 1 | RPS: 24 | Matched: 0 | Errors: 9 | Requests: 6344/18906 (33%)
[0:04:20] | Templates: 10730 | Hosts: 1 | RPS: 24 | Matched: 0 | Errors: 9 | Requests: 6486/18906 (34%)
[0:04:25] | Templates: 10730 | Hosts: 1 | RPS: 24 | Matched: 0 | Errors: 9 | Requests: 6600/18906 (34%)
[0:04:30] | Templates: 10730 | Hosts: 1 | RPS: 24 | Matched: 0 | Errors: 9 | Requests: 6727/18906 (35%)
[0:04:35] | Templates: 10730 | Hosts: 1 | RPS: 24 | Matched: 0 | Errors: 9 | Requests: 6839/18906 (36%)
[0:04:40] | Templates: 10730 | Hosts: 1 | RPS: 24 | Matched: 0 | Errors: 9 | Requests: 6973/18906 (36%)
[0:04:45] | Templates: 10730 | Hosts: 1 | RPS: 24 | Matched: 0 | Errors: 9 | Requests: 7084/18906 (37%)
[0:04:50] | Templates: 10730 | Hosts: 1 | RPS: 24 | Matched: 0 | Errors: 9 | Requests: 7189/18906 (38%)
